[2026-09-05 00:46:59] SMTP [1] SMTP ERROR: Failed to connect to server: php_network_getaddresses: getaddrinfo for mail.blackhabitapi.whf.bz failed: Name or service not known (0)
[2026-09-05 00:46:59] SMTP [2] SMTP Error: Could not connect to SMTP host. Failed to connect to server
[2026-09-05 00:46:59] PHPMailer ERROR: SMTP Error: Could not connect to SMTP host. Failed to connect to server SMTP server error: Failed to connect to server Additional SMTP info: php_network_getaddresses: getaddrinfo for mail.blackhabitapi.whf.bz failed: Name or service not known
[2026-09-05 01:57:57] SMTP [1] SMTP ERROR: Failed to connect to server: Connection refused (111)
[2026-09-05 01:57:57] SMTP [2] SMTP Error: Could not connect to SMTP host. Failed to connect to server
[2026-09-05 01:57:57] PHPMailer ERROR: SMTP Error: Could not connect to SMTP host. Failed to connect to server SMTP server error: Failed to connect to server SMTP code: 111 Additional SMTP info: Connection refused
[2026-09-05 02:01:37] SMTP [1] SMTP ERROR: Failed to connect to server: Connection refused (111)
[2026-09-05 02:01:37] SMTP [2] SMTP Error: Could not connect to SMTP host. Failed to connect to server
[2026-09-05 02:01:37] PHPMailer ERROR: SMTP Error: Could not connect to SMTP host. Failed to connect to server SMTP server error: Failed to connect to server SMTP code: 111 Additional SMTP info: Connection refused
[2026-09-05 02:01:55] SMTP [1] SMTP ERROR: Failed to connect to server: Connection refused (111)
[2026-09-05 02:01:55] SMTP [2] SMTP Error: Could not connect to SMTP host. Failed to connect to server
[2026-09-05 02:01:55] PHPMailer ERROR: SMTP Error: Could not connect to SMTP host. Failed to connect to server SMTP server error: Failed to connect to server SMTP code: 111 Additional SMTP info: Connection refused
[2026-09-05 02:02:49] SMTP [1] SMTP ERROR: Failed to connect to server: Connection refused (111)
[2026-09-05 02:02:49] SMTP [2] SMTP Error: Could not connect to SMTP host. Failed to connect to server
[2026-09-05 02:02:49] PHPMailer ERROR: SMTP Error: Could not connect to SMTP host. Failed to connect to server SMTP server error: Failed to connect to server SMTP code: 111 Additional SMTP info: Connection refused
[2026-09-05 02:42:18] SMTP [1] SMTP ERROR: Failed to connect to server: Connection refused (111)
[2026-09-05 02:42:18] SMTP [2] SMTP Error: Could not connect to SMTP host. Failed to connect to server
[2026-09-05 02:42:18] PHPMailer ERROR: SMTP Error: Could not connect to SMTP host. Failed to connect to server SMTP server error: Failed to connect to server SMTP code: 111 Additional SMTP info: Connection refused
[2026-09-05 04:18:43] SMTP [1] SMTP ERROR: Failed to connect to server: Connection refused (111)
[2026-09-05 04:18:43] SMTP [2] SMTP Error: Could not connect to SMTP host. Failed to connect to server
[2026-09-05 04:18:43] PHPMailer ERROR: SMTP Error: Could not connect to SMTP host. Failed to connect to server SMTP server error: Failed to connect to server SMTP code: 111 Additional SMTP info: Connection refused
[2026-09-05 04:21:11] SMTP [1] SMTP ERROR: Failed to connect to server: Connection refused (111)
[2026-09-05 04:21:11] SMTP [2] SMTP Error: Could not connect to SMTP host. Failed to connect to server
[2026-09-05 04:21:11] PHPMailer ERROR: SMTP Error: Could not connect to SMTP host. Failed to connect to server SMTP server error: Failed to connect to server SMTP code: 111 Additional SMTP info: Connection refused
[2026-09-05 04:21:25] SMTP [1] SMTP ERROR: Failed to connect to server: Connection refused (111)
[2026-09-05 04:21:25] SMTP [2] SMTP Error: Could not connect to SMTP host. Failed to connect to server
[2026-09-05 04:21:25] PHPMailer ERROR: SMTP Error: Could not connect to SMTP host. Failed to connect to server SMTP server error: Failed to connect to server SMTP code: 111 Additional SMTP info: Connection refused
[2026-09-05 04:30:35] SMTP [2] Sending with mail()
[2026-09-05 04:30:35] SMTP [2] Sendmail path: /usr/sbin/sendmail -t -i -f sdujbltc@blackhabitapi.whf.bz
[2026-09-05 04:30:35] SMTP [2] Envelope sender: blackhabitalaminos@blackhabitapi.whf.bz
[2026-09-05 04:30:35] SMTP [2] To: aldrinprogamer@gmail.com
[2026-09-05 04:30:35] SMTP [2] Subject: BLACKHABIT - Email Verification Code
[2026-09-05 04:30:35] SMTP [2] Headers: Date: Sat, 5 Sep 2026 04:30:35 -0400
From: BLACKHABIT System <blackhabitalaminos@blackhabitapi.whf.bz>
Message-ID: <O82cApEiQPkkQAGgkqiCsJsACrSO11NnaXKfq8Jxk@blackhabitapi.whf.bz>
X-Mailer: PHPMailer 7.1.1 (https://github.com/PHPMailer/PHPMailer)
MIME-Version: 1.0
Content-Type: multipart/alternative;
 boundary="b1=_O82cApEiQPkkQAGgkqiCsJsACrSO11NnaXKfq8Jxk"
Content-Transfer-Encoding: 8bit
[2026-09-05 04:30:36] SMTP [2] Result: true
[2026-09-05 04:30:36] Verification email sent successfully to: aldrinprogamer@gmail.com
